fsl_gpio.h:157:20:GPIO_WritePinOutput	24	static
fsl_gpio.h:175:20:GPIO_SetPinsOutput	16	static
fsl_gpio.h:186:20:GPIO_ClearPinsOutput	16	static
fsl_gpio.h:215:24:GPIO_ReadPinInput	16	static
fsl_tpm.h:506:24:TPM_GetStatusFlags	16	static
fsl_tpm.h:518:20:TPM_ClearStatusFlags	16	static
fsl_tpm.h:545:20:TPM_SetTimerPeriod	16	static
fsl_tpm.h:579:20:TPM_StartTimer	24	static
fsl_tpm.h:593:20:TPM_StopTimer	16	static
Proyecto3_Alarma_Proyecto3_Alarma.c:60:5:main	248	static
Proyecto3_Alarma_Proyecto3_Alarma.c:572:6:LCD_Data	24	static
Proyecto3_Alarma_Proyecto3_Alarma.c:577:6:Write_Data	24	static
Proyecto3_Alarma_Proyecto3_Alarma.c:606:6:LCD_CMD	16	static
Proyecto3_Alarma_Proyecto3_Alarma.c:620:6:LCD_Write	16	static
Proyecto3_Alarma_Proyecto3_Alarma.c:633:6:LCD_Clear	16	static
Proyecto3_Alarma_Proyecto3_Alarma.c:638:6:LCD_Return	16	static
Proyecto3_Alarma_Proyecto3_Alarma.c:643:6:LCD_Mode	24	static
Proyecto3_Alarma_Proyecto3_Alarma.c:652:6:LCD_Set	32	static
Proyecto3_Alarma_Proyecto3_Alarma.c:663:6:LCD_Cursor	24	static
Proyecto3_Alarma_Proyecto3_Alarma.c:672:6:LCD_Activate	32	static
Proyecto3_Alarma_Proyecto3_Alarma.c:683:6:LCD_CGRAM	24	static
Proyecto3_Alarma_Proyecto3_Alarma.c:689:6:LCD_DDRAM	24	static
Proyecto3_Alarma_Proyecto3_Alarma.c:695:6:Delay	24	static
Proyecto3_Alarma_Proyecto3_Alarma.c:701:6:DelayTPM	16	static
